// Jest Snapshot v1, https://goo.gl/fbAQLP

exports[`Tabs :props :addable 1`] = `
<div
  class="t-tabs"
>
  
  <!---->
  <!---->
  
</div>
`;

exports[`Tabs :props :defaultValue 1`] = `
<div
  class="t-tabs"
>
  
  <!---->
  <!---->
  
</div>
`;

exports[`Tabs :props :disabled 1`] = `
<div
  class="t-tabs"
>
  
  <!---->
  <!---->
  
</div>
`;

exports[`Tabs :props :placement 1`] = `
<div
  class="t-tabs"
>
  
  <!---->
  <!---->
  
</div>
`;

exports[`Tabs :props :size 1`] = `
<div
  class="t-tabs"
>
  
  <!---->
  <!---->
  
</div>
`;

exports[`Tabs :props :theme 1`] = `
<div
  class="t-tabs"
>
  
  <!---->
  <!---->
  
</div>
`;

exports[`Tabs :props :value 1`] = `
<div
  class="t-tabs"
>
  
  <!---->
  <!---->
  
</div>
`;
