// Jest Snapshot v1, https://goo.gl/fbAQLP

exports[`Table base demo works fine 1`] = `
<div>
  <div
    class="t-table t-table--bordered t-table--striped t-table--hoverable t-size-s t-table-valign__top"
  >
    <div
      class="t-table-content"
      style="overflow: auto;"
    >
      <table
        style="table-layout: fixed;"
      >
        <colgroup>
          <col
            class="row"
            style="text-overflow: ellipsis; display: -webkit-box; overflow: hidden; text-align: center; width: 100px; min-width: 100px;"
          />
          <col
            class="row"
            style="text-overflow: ellipsis; display: -webkit-box; overflow: hidden; text-align: left; width: 200px; min-width: 200px;"
          />
          <col
            class="test"
            style="text-overflow: ellipsis; display: -webkit-box; overflow: hidden; text-align: left; width: 100px; min-width: 100px;"
          />
          <col
            class="test2"
            style="text-overflow: ellipsis; display: -webkit-box; overflow: hidden; text-align: left; width: 200px; min-width: 200px;"
          />
          <col
            class="test4"
            style="text-overflow: ellipsis; display: -webkit-box; overflow: hidden; text-align: left;"
          />
          <col
            class="test3"
            style="text-overflow: ellipsis; display: -webkit-box; overflow: hidden; text-align: left; width: 100px; min-width: 100px;"
          />
          <col
            class="test3"
            style="text-overflow: ellipsis; display: -webkit-box; overflow: hidden; text-align: left; width: 100px; min-width: 100px;"
          />
          <col
            class="row"
            style="text-overflow: ellipsis; display: -webkit-box; overflow: hidden; text-align: left; width: 100px; min-width: 100px;"
          />
        </colgroup>
        <thead
          columnsprops="[object Object],[object Object],[object Object],[object Object],[object Object],[object Object],[object Object],[object Object]"
        >
          <tr>
            <td
              class=""
              colspan="1"
              key="index"
              rowspan="1"
              style="text-align: center;"
            >
              index
            </td>
            <td
              class=""
              colspan="1"
              key="type"
              rowspan="1"
              style="text-align: left;"
            >
              类型
            </td>
            <td
              class=""
              colspan="1"
              key="platform"
              rowspan="1"
              style="text-align: left;"
            >
              平台
            </td>
            <td
              class=""
              colspan="1"
              key="property"
              rowspan="1"
              style="text-align: left;"
            >
              属性
            </td>
            <td
              class=""
              colspan="1"
              key="default"
              rowspan="1"
              style="text-align: left;"
            >
              默认值
            </td>
            <td
              class=""
              colspan="1"
              key="needed"
              rowspan="1"
              style="text-align: left;"
            >
              是否必传
            </td>
            <td
              class=""
              colspan="1"
              key="detail.name"
              rowspan="1"
              style="text-align: left;"
            >
              详情信息
            </td>
            <td
              class=""
              colspan="1"
              key="description"
              rowspan="1"
              style="text-align: left;"
            >
              说明
            </td>
          </tr>
        </thead>
        <tbody
          class="table-body"
        >
          <tr
            class=""
          >
            <td
              class=""
              key="index"
              length="8"
              style="text-align: center;"
            >
              0
            </td>
            <td
              class=""
              key="type"
              length="8"
              style="text-align: left;"
            >
              any[]
            </td>
            <td
              class=""
              key="platform"
              length="8"
              style="text-align: left;"
            >
              公有
            </td>
            <td
              class=""
              key="property"
              length="8"
              style="text-align: left;"
            >
              data
            </td>
            <td
              class=""
              key="default"
              length="8"
              style="text-align: left;"
            >
              []
            </td>
            <td
              class=""
              key="needed"
              length="8"
              style="text-align: left;"
            >
              Y
            </td>
            <td
              class=""
              key="detail.name"
              length="8"
              style="text-align: left;"
            >
              嵌套信息读取
            </td>
            <td
              class=""
              key="description"
              length="8"
              style="text-align: left;"
            >
              数据源
            </td>
          </tr>
          <tr
            class=""
          >
            <td
              class=""
              key="index"
              length="8"
              style="text-align: center;"
            >
              1
            </td>
            <td
              class=""
              key="type"
              length="8"
              style="text-align: left;"
            >
              any[]
            </td>
            <td
              class=""
              key="platform"
              length="8"
              style="text-align: left;"
            >
              公有
            </td>
            <td
              class=""
              key="property"
              length="8"
              style="text-align: left;"
            >
              data
            </td>
            <td
              class=""
              key="default"
              length="8"
              style="text-align: left;"
            >
              []
            </td>
            <td
              class=""
              key="needed"
              length="8"
              style="text-align: left;"
            >
              Y
            </td>
            <td
              class=""
              key="detail.name"
              length="8"
              style="text-align: left;"
            >
              嵌套信息读取
            </td>
            <td
              class=""
              key="description"
              length="8"
              style="text-align: left;"
            >
              数据源
            </td>
          </tr>
          <tr
            class=""
          >
            <td
              class=""
              key="index"
              length="8"
              style="text-align: center;"
            >
              2
            </td>
            <td
              class=""
              key="type"
              length="8"
              style="text-align: left;"
            >
              any[]
            </td>
            <td
              class=""
              key="platform"
              length="8"
              style="text-align: left;"
            >
              公有
            </td>
            <td
              class=""
              key="property"
              length="8"
              style="text-align: left;"
            >
              data
            </td>
            <td
              class=""
              key="default"
              length="8"
              style="text-align: left;"
            >
              []
            </td>
            <td
              class=""
              key="needed"
              length="8"
              style="text-align: left;"
            >
              Y
            </td>
            <td
              class=""
              key="detail.name"
              length="8"
              style="text-align: left;"
            >
              嵌套信息读取
            </td>
            <td
              class=""
              key="description"
              length="8"
              style="text-align: left;"
            >
              数据源
            </td>
          </tr>
          <tr
            class=""
          >
            <td
              class=""
              key="index"
              length="8"
              style="text-align: center;"
            >
              3
            </td>
            <td
              class=""
              key="type"
              length="8"
              style="text-align: left;"
            >
              any[]
            </td>
            <td
              class=""
              key="platform"
              length="8"
              style="text-align: left;"
            >
              公有
            </td>
            <td
              class=""
              key="property"
              length="8"
              style="text-align: left;"
            >
              data
            </td>
            <td
              class=""
              key="default"
              length="8"
              style="text-align: left;"
            >
              []
            </td>
            <td
              class=""
              key="needed"
              length="8"
              style="text-align: left;"
            >
              Y
            </td>
            <td
              class=""
              key="detail.name"
              length="8"
              style="text-align: left;"
            >
              嵌套信息读取
            </td>
            <td
              class=""
              key="description"
              length="8"
              style="text-align: left;"
            >
              数据源
            </td>
          </tr>
          <tr
            class=""
          >
            <td
              class=""
              key="index"
              length="8"
              style="text-align: center;"
            >
              4
            </td>
            <td
              class=""
              key="type"
              length="8"
              style="text-align: left;"
            >
              any[]
            </td>
            <td
              class=""
              key="platform"
              length="8"
              style="text-align: left;"
            >
              公有
            </td>
            <td
              class=""
              key="property"
              length="8"
              style="text-align: left;"
            >
              data
            </td>
            <td
              class=""
              key="default"
              length="8"
              style="text-align: left;"
            >
              []
            </td>
            <td
              class=""
              key="needed"
              length="8"
              style="text-align: left;"
            >
              Y
            </td>
            <td
              class=""
              key="detail.name"
              length="8"
              style="text-align: left;"
            >
              嵌套信息读取
            </td>
            <td
              class=""
              key="description"
              length="8"
              style="text-align: left;"
            >
              数据源
            </td>
          </tr>
          <tr
            class=""
          >
            <td
              class=""
              key="index"
              length="8"
              style="text-align: center;"
            >
              5
            </td>
            <td
              class=""
              key="type"
              length="8"
              style="text-align: left;"
            >
              any[]
            </td>
            <td
              class=""
              key="platform"
              length="8"
              style="text-align: left;"
            >
              公有
            </td>
            <td
              class=""
              key="property"
              length="8"
              style="text-align: left;"
            >
              data
            </td>
            <td
              class=""
              key="default"
              length="8"
              style="text-align: left;"
            >
              []
            </td>
            <td
              class=""
              key="needed"
              length="8"
              style="text-align: left;"
            >
              Y
            </td>
            <td
              class=""
              key="detail.name"
              length="8"
              style="text-align: left;"
            >
              嵌套信息读取
            </td>
            <td
              class=""
              key="description"
              length="8"
              style="text-align: left;"
            >
              数据源
            </td>
          </tr>
          <tr
            class=""
          >
            <td
              class=""
              key="index"
              length="8"
              style="text-align: center;"
            >
              6
            </td>
            <td
              class=""
              key="type"
              length="8"
              style="text-align: left;"
            >
              any[]
            </td>
            <td
              class=""
              key="platform"
              length="8"
              style="text-align: left;"
            >
              公有
            </td>
            <td
              class=""
              key="property"
              length="8"
              style="text-align: left;"
            >
              data
            </td>
            <td
              class=""
              key="default"
              length="8"
              style="text-align: left;"
            >
              []
            </td>
            <td
              class=""
              key="needed"
              length="8"
              style="text-align: left;"
            >
              Y
            </td>
            <td
              class=""
              key="detail.name"
              length="8"
              style="text-align: left;"
            >
              嵌套信息读取
            </td>
            <td
              class=""
              key="description"
              length="8"
              style="text-align: left;"
            >
              数据源
            </td>
          </tr>
          <tr
            class=""
          >
            <td
              class=""
              key="index"
              length="8"
              style="text-align: center;"
            >
              7
            </td>
            <td
              class=""
              key="type"
              length="8"
              style="text-align: left;"
            >
              any[]
            </td>
            <td
              class=""
              key="platform"
              length="8"
              style="text-align: left;"
            >
              公有
            </td>
            <td
              class=""
              key="property"
              length="8"
              style="text-align: left;"
            >
              data
            </td>
            <td
              class=""
              key="default"
              length="8"
              style="text-align: left;"
            >
              []
            </td>
            <td
              class=""
              key="needed"
              length="8"
              style="text-align: left;"
            >
              Y
            </td>
            <td
              class=""
              key="detail.name"
              length="8"
              style="text-align: left;"
            >
              嵌套信息读取
            </td>
            <td
              class=""
              key="description"
              length="8"
              style="text-align: left;"
            >
              数据源
            </td>
          </tr>
          <tr
            class=""
          >
            <td
              class=""
              key="index"
              length="8"
              style="text-align: center;"
            >
              8
            </td>
            <td
              class=""
              key="type"
              length="8"
              style="text-align: left;"
            >
              any[]
            </td>
            <td
              class=""
              key="platform"
              length="8"
              style="text-align: left;"
            >
              公有
            </td>
            <td
              class=""
              key="property"
              length="8"
              style="text-align: left;"
            >
              data
            </td>
            <td
              class=""
              key="default"
              length="8"
              style="text-align: left;"
            >
              []
            </td>
            <td
              class=""
              key="needed"
              length="8"
              style="text-align: left;"
            >
              Y
            </td>
            <td
              class=""
              key="detail.name"
              length="8"
              style="text-align: left;"
            >
              嵌套信息读取
            </td>
            <td
              class=""
              key="description"
              length="8"
              style="text-align: left;"
            >
              数据源
            </td>
          </tr>
          <tr
            class=""
          >
            <td
              class=""
              key="index"
              length="8"
              style="text-align: center;"
            >
              9
            </td>
            <td
              class=""
              key="type"
              length="8"
              style="text-align: left;"
            >
              any[]
            </td>
            <td
              class=""
              key="platform"
              length="8"
              style="text-align: left;"
            >
              公有
            </td>
            <td
              class=""
              key="property"
              length="8"
              style="text-align: left;"
            >
              data
            </td>
            <td
              class=""
              key="default"
              length="8"
              style="text-align: left;"
            >
              []
            </td>
            <td
              class=""
              key="needed"
              length="8"
              style="text-align: left;"
            >
              Y
            </td>
            <td
              class=""
              key="detail.name"
              length="8"
              style="text-align: left;"
            >
              嵌套信息读取
            </td>
            <td
              class=""
              key="description"
              length="8"
              style="text-align: left;"
            >
              数据源
            </td>
          </tr>
        </tbody>
        <tfoot />
      </table>
    </div>
    <div
      class="t-table-pagination"
    >
      <div
        class="t-pagination"
      >
        <!---->
         
        <!---->
         
        <div
          class="t-pagination__btn t-pagination__btn--prev t-is-disabled"
          disabled="disabled"
        >
          <svg
            class="t-icon t-icon-chevron-left"
            version="1.1"
            viewBox="0 0 1024 1024"
            xmlns="http://www.w3.org/2000/svg"
          >
            <path
              d="M266.45122048 489.6415328C253.98241280000002 502.1382944 254.00507328000003 522.37688704 266.50183488 534.84569536L266.50183488 534.84569536 641.5903552 909.0951936 686.8451904 863.8403584 334.4904192 512.2516633600001 686.8451904 160.83449728 641.5903552 115.57966336000001 267.2264192 488.89166336 266.50183488 489.59088959999997 266.47651392 489.6162112Z"
              fill-opacity=".9"
              fill-rule="evenodd"
            />
          </svg>
        </div>
         
        <ul
          class="t-pagination__pager"
        >
          <li
            class="t-pagination__number t-is-current"
          >
            1
          </li>
           
          <li
            class="t-pagination__number t-pagination__number--more"
            style="display: none;"
          >
            <svg
              class="t-icon t-icon-ellipsis"
              version="1.1"
              viewBox="0 0 1024 1024"
              xmlns="http://www.w3.org/2000/svg"
            >
              <g
                fill="none"
                fill-rule="evenodd"
              >
                <path
                  d="M0 0H1024V1024H0V0z"
                />
                <path
                  d="M192 448C227.346224 448 256 476.653776 256 512 256 547.346224 227.346224 576 192 576 156.653776 576 128 547.346224 128 512 128 476.653776 156.653776 448 192 448ZM512 448C547.346224 448 576 476.653776 576 512 576 547.346224 547.346224 576 512 576 476.653776 576 448 547.346224 448 512 448 476.653776 476.653776 448 512 448ZM832 448C867.3462208 448 896 476.653776 896 512 896 547.346224 867.3462208 576 832 576 796.6537792 576 768 547.346224 768 512 768 476.653776 796.6537792 448 832 448Z"
                  fill="#000"
                />
              </g>
            </svg>
          </li>
           
          <li
            class="t-pagination__number"
          >
            
        2
      
          </li>
          <li
            class="t-pagination__number"
          >
            
        3
      
          </li>
          <li
            class="t-pagination__number"
          >
            
        4
      
          </li>
          <li
            class="t-pagination__number"
          >
            
        5
      
          </li>
           
          <li
            class="t-pagination__number t-pagination__number--more"
          >
            <svg
              class="t-icon t-icon-ellipsis"
              version="1.1"
              viewBox="0 0 1024 1024"
              xmlns="http://www.w3.org/2000/svg"
            >
              <g
                fill="none"
                fill-rule="evenodd"
              >
                <path
                  d="M0 0H1024V1024H0V0z"
                />
                <path
                  d="M192 448C227.346224 448 256 476.653776 256 512 256 547.346224 227.346224 576 192 576 156.653776 576 128 547.346224 128 512 128 476.653776 156.653776 448 192 448ZM512 448C547.346224 448 576 476.653776 576 512 576 547.346224 547.346224 576 512 576 476.653776 576 448 547.346224 448 512 448 476.653776 476.653776 448 512 448ZM832 448C867.3462208 448 896 476.653776 896 512 896 547.346224 867.3462208 576 832 576 796.6537792 576 768 547.346224 768 512 768 476.653776 796.6537792 448 832 448Z"
                  fill="#000"
                />
              </g>
            </svg>
          </li>
           
          <li
            class="t-pagination__number"
          >
            12
          </li>
        </ul>
         
        <div
          class="t-pagination__btn t-pagination__btn--next"
        >
          <svg
            class="t-icon t-icon-chevron-right"
            version="1.1"
            viewBox="0 0 1024 1024"
            xmlns="http://www.w3.org/2000/svg"
          >
            <path
              d="M758.8081664000001 489.6127065600001C771.27697472 502.10946816 771.2543136 522.34806144 758.757552 534.8168691200001L758.757552 534.8168691200001 383.6690304000001 909.0663616 338.4141952 863.8115328 690.7689683200001 512.20006272 338.4141952 160.8056710400001 383.6690304 115.5508371200001 758.41696832 489.22406272 758.757552 489.56206336Z"
              fill-opacity=".9"
              fill-rule="evenodd"
            />
          </svg>
        </div>
         
        <!---->
      </div>
    </div>
  </div>
</div>
`;
