// Vitest Snapshot v1

exports[`TreeSelect > :props > :clearable 1`] = ``;

exports[`TreeSelect > :props > :defaultValue 1`] = ``;

exports[`TreeSelect > :props > :disabled 1`] = ``;

exports[`TreeSelect > :props > :empty string 1`] = ``;

exports[`TreeSelect > :props > :filterable 1`] = ``;

exports[`TreeSelect > :props > :loading 1`] = ``;

exports[`TreeSelect > :props > :loadingText 1`] = ``;

exports[`TreeSelect > :props > :max 1`] = ``;

exports[`TreeSelect > :props > :minCollapsedNum 1`] = ``;

exports[`TreeSelect > :props > :multiple 1`] = ``;

exports[`TreeSelect > :props > :placeholder 1`] = ``;

exports[`TreeSelect > :props > :popupProps 1`] = ``;

exports[`TreeSelect > :props > :size 1`] = ``;

exports[`TreeSelect > :props > :treeProps 1`] = ``;

exports[`TreeSelect > :props > :value 1`] = ``;

exports[`TreeSelect > :props > :valueType 1`] = ``;

exports[`TreeSelect > <slot> > <collapsedItems> 1`] = ``;

exports[`TreeSelect > <slot> > <empty> 1`] = ``;

exports[`TreeSelect > <slot> > <loadingText> 1`] = ``;

exports[`TreeSelect > <slot> > <prefixIcon> 1`] = ``;

exports[`TreeSelect > <slot> > <valueDisplay> 1`] = ``;

exports[`TreeSelect > function > :collapsedItems 1`] = ``;

exports[`TreeSelect > function > :empty 1`] = ``;

exports[`TreeSelect > function > :loadingText 1`] = ``;

exports[`TreeSelect > function > :prefixIcon 1`] = ``;

exports[`TreeSelect > function > :valueDisplay 1`] = ``;
