// Jest Snapshot v1, https://goo.gl/fbAQLP

exports[`Form base demo works fine 1`] = `
<div>
  <form
    class="t-form"
  >
    
    <div
      class="t-form__item t-form-item__name"
    >
      <div
        class="t-form__label t-form__label--colon t-form__label--right"
        style="width: 100px;"
      >
        <label
          for=""
        >
          姓名
        </label>
      </div>
      <div
        class="t-form__controls"
        style="margin-left: 100px;"
      >
        <div
          class="t-form__controls--content"
        >
          
          <div
            class="t-input t-size-m"
            modelvalue=""
          >
            <!---->
            <input
              autocomplete="false"
              autofocus="false"
              class="t-input__inner"
              placeholder="请输入内容"
              type="text"
            />
            <!---->
          </div>
          
          <!---->
        </div>
        <!---->
      </div>
    </div>
    <div
      class="t-form__item t-form-item__tel"
    >
      <div
        class="t-form__label t-form__label--colon t-form__label--right"
        style="width: 100px;"
      >
        <label
          for=""
        >
          手机号
        </label>
      </div>
      <div
        class="t-form__controls"
        style="margin-left: 100px;"
      >
        <div
          class="t-form__controls--content"
        >
          
          <div
            class="t-input t-size-m"
            modelvalue=""
          >
            <!---->
            <input
              autocomplete="false"
              autofocus="false"
              class="t-input__inner"
              placeholder="请输入内容"
              type="text"
            />
            <!---->
          </div>
          
          <!---->
        </div>
        <!---->
      </div>
    </div>
    <div
      class="t-form__item t-form-item__gender"
    >
      <div
        class="t-form__label t-form__label--colon t-form__label--right"
        style="width: 100px;"
      >
        <label
          for=""
        >
          性别
        </label>
      </div>
      <div
        class="t-form__controls"
        style="margin-left: 100px;"
      >
        <div
          class="t-form__controls--content"
        >
          
          <div
            class="t-radio-group t-radio-group-medium t-radio-group-outline"
            modelvalue=""
          >
            
            <label
              class="t-radio"
              modelvalue="false"
            >
              <input
                class="t-radio__former"
                name=""
                type="radio"
                value="1"
              />
              <span
                class="t-radio__input"
              />
              <span
                class="t-radio__label"
              >
                
                男
                
              </span>
            </label>
            <label
              class="t-radio"
              modelvalue="false"
            >
              <input
                class="t-radio__former"
                name=""
                type="radio"
                value="2"
              />
              <span
                class="t-radio__input"
              />
              <span
                class="t-radio__label"
              >
                
                女
                
              </span>
            </label>
            
          </div>
          
          <!---->
        </div>
        <!---->
      </div>
    </div>
    <div
      class="t-form__item t-form-item__course"
    >
      <div
        class="t-form__label t-form__label--colon t-form__label--right"
        style="width: 100px;"
      >
        <label
          for=""
        >
          课程
        </label>
      </div>
      <div
        class="t-form__controls"
        style="margin-left: 100px;"
      >
        <div
          class="t-form__controls--content"
        >
          
          <div
            class="t-checkbox-group"
            modelvalue=""
          >
            
            <label
              class="t-checkbox undefined"
            >
              <input
                class="t-checkbox__former"
                name=""
                type="checkbox"
                value="1"
              />
              <span
                class="t-checkbox__input"
              />
              <span
                class="t-checkbox__label"
              >
                
                语文
                
              </span>
            </label>
            <label
              class="t-checkbox undefined"
            >
              <input
                class="t-checkbox__former"
                name=""
                type="checkbox"
                value="2"
              />
              <span
                class="t-checkbox__input"
              />
              <span
                class="t-checkbox__label"
              >
                
                数学
                
              </span>
            </label>
            <label
              class="t-checkbox undefined"
            >
              <input
                class="t-checkbox__former"
                name=""
                type="checkbox"
                value="3"
              />
              <span
                class="t-checkbox__input"
              />
              <span
                class="t-checkbox__label"
              >
                
                英语
                
              </span>
            </label>
            
            <!---->
          </div>
          
          <!---->
        </div>
        <!---->
      </div>
    </div>
    <div
      class="t-form__item t-form-item__status"
    >
      <div
        class="t-form__label t-form__label--colon t-form__label--right"
        style="width: 100px;"
      >
        <label
          for=""
        >
          状态
        </label>
      </div>
      <div
        class="t-form__controls"
        style="margin-left: 100px;"
      >
        <div
          class="t-form__controls--content"
        >
          
          <div
            class="t-switch t-size-m"
            disabled="false"
            modelvalue="false"
          >
            <span
              class="t-switch__handle"
            >
              <!---->
            </span>
            <div
              class="t-switch__content t-size-m"
            >
              <!---->
            </div>
          </div>
          
          <!---->
        </div>
        <!---->
      </div>
    </div>
    <div
      class="t-form__item t-form-item__"
    >
      <div
        class="t-form__label t-form__label--right"
        style="width: 100px;"
      >
        <label
          for=""
        >
          
        </label>
      </div>
      <div
        class="t-form__controls"
        style="margin-left: 100px;"
      >
        <div
          class="t-form__controls--content"
        >
          
          <button
            class="t-button t-size-m t-button--variant-base t-button--theme-primary"
            style="margin-right: 10px;"
            type="submit"
          >
            <span
              class="t-button__text"
            >
              
              提交
              
            </span>
          </button>
          <button
            class="t-button t-size-m t-button--variant-base t-button--theme-default"
            type="reset"
          >
            <span
              class="t-button__text"
            >
              
              重置
              
            </span>
          </button>
          
          <!---->
        </div>
        <!---->
      </div>
    </div>
    
  </form>
</div>
`;
