// Jest Snapshot v1, https://goo.gl/fbAQLP

exports[`Cascader base demo works fine 1`] = `
<div>
  <div
    modelvalue="1.1"
  >
    <div
      class="t-popup-reference"
    >
      <transition-stub>
        <div
          aria-hidden="true"
          class="t-popup"
          role="tooltip"
          style="display: none;"
        >
          <div
            class="t-popup-content t-cascader-dropdown"
          >
            
            <div
              class="t-cascader-panel"
              style="width: 0px;"
            >
              <div
                class="t-cascader-panel__is-empty"
              >
                暂无数据
              </div>
            </div>
            
            <!---->
          </div>
        </div>
      </transition-stub>
      
      <div
        class="t-cascader t-size-m"
        modelvalue="1.1"
      >
        <span
          class="t-cascader-placeholder"
        >
          请选择
        </span>
        <svg
          class="t-fake-arrow t-cascader-icon"
          disabled="false"
          fill="none"
          height="16"
          viewBox="0 0 16 16"
          width="16"
          xmlns="http://www.w3.org/2000/svg"
        >
          <path
            d="M3.75 5.7998L7.99274 10.0425L12.2361 5.79921"
            stroke="black"
            stroke-opacity="0.9"
            stroke-width="1.3"
          />
        </svg>
      </div>
      
    </div>
  </div>
</div>
`;
